[debug] [2026-06-18T10:45:57.700Z] ----------------------------------------------------------------------
[debug] [2026-06-18T10:45:57.702Z] Command:       C:\Program Files\nodejs\node.exe C:\Users\mehul\AppData\Roaming\npm\node_modules\firebase-tools\lib\bin\firebase.js deploy --only firestore:indexes
[debug] [2026-06-18T10:45:57.702Z] CLI Version:   15.16.0
[debug] [2026-06-18T10:45:57.702Z] Platform:      win32
[debug] [2026-06-18T10:45:57.702Z] Node Version:  v24.15.0
[debug] [2026-06-18T10:45:57.702Z] Time:          Thu Jun 18 2026 16:15:57 GMT+0530 (India Standard Time)
[debug] [2026-06-18T10:45:57.702Z] ----------------------------------------------------------------------
[debug] 
[debug] [2026-06-18T10:45:58.748Z] > command requires scopes: ["email","openid","https://www.googleapis.com/auth/cloudplatformprojects.readonly","https://www.googleapis.com/auth/firebase","https://www.googleapis.com/auth/cloud-platform"]
[debug] [2026-06-18T10:45:58.748Z] > authorizing via signed-in user (mehulchirania@gmail.com)
[debug] [2026-06-18T10:45:58.748Z] [iam] checking project owely-c6c51 for permissions ["datastore.indexes.create","datastore.indexes.delete","datastore.indexes.list","datastore.indexes.update","firebase.projects.get"]
[debug] [2026-06-18T10:45:58.749Z] Checked if tokens are valid: false, expires at: 1781777618390
[debug] [2026-06-18T10:45:58.749Z] Checked if tokens are valid: false, expires at: 1781777618390
[debug] [2026-06-18T10:45:58.749Z] > refreshing access token with scopes: []
[debug] [2026-06-18T10:45:58.750Z] >>> [apiv2][query] POST https://www.googleapis.com/oauth2/v3/token [none]
[debug] [2026-06-18T10:45:58.750Z] >>> [apiv2][body] POST https://www.googleapis.com/oauth2/v3/token [omitted]
[debug] [2026-06-18T10:45:58.907Z] <<< [apiv2][status] POST https://www.googleapis.com/oauth2/v3/token 200
[debug] [2026-06-18T10:45:58.907Z] <<< [apiv2][body] POST https://www.googleapis.com/oauth2/v3/token [omitted]
[debug] [2026-06-18T10:45:58.913Z] >>> [apiv2][query] POST https://cloudresourcemanager.googleapis.com/v1/projects/owely-c6c51:testIamPermissions [none]
[debug] [2026-06-18T10:45:58.913Z] >>> [apiv2][(partial)header] POST https://cloudresourcemanager.googleapis.com/v1/projects/owely-c6c51:testIamPermissions  x-goog-user-project=owely-c6c51
[debug] [2026-06-18T10:45:58.913Z] >>> [apiv2][body] POST https://cloudresourcemanager.googleapis.com/v1/projects/owely-c6c51:testIamPermissions {"permissions":["datastore.indexes.create","datastore.indexes.delete","datastore.indexes.list","datastore.indexes.update","firebase.projects.get"]}
[debug] [2026-06-18T10:45:59.315Z] <<< [apiv2][status] POST https://cloudresourcemanager.googleapis.com/v1/projects/owely-c6c51:testIamPermissions 200
[debug] [2026-06-18T10:45:59.315Z] <<< [apiv2][body] POST https://cloudresourcemanager.googleapis.com/v1/projects/owely-c6c51:testIamPermissions {"permissions":["datastore.indexes.create","datastore.indexes.delete","datastore.indexes.list","datastore.indexes.update","firebase.projects.get"]}
[info] 
[info] === Deploying to 'owely-c6c51'...
[info] 
[info] i  deploying firestore 
[info] i  firestore: ensuring required API firestore.googleapis.com is enabled... 
[info] i  firestore: ensuring required API firestore.googleapis.com is enabled... 
[debug] [2026-06-18T10:45:59.318Z] Checked if tokens are valid: true, expires at: 1781783157907
[debug] [2026-06-18T10:45:59.318Z] Checked if tokens are valid: true, expires at: 1781783157907
[debug] [2026-06-18T10:45:59.318Z] >>> [apiv2][query] GET https://firestore.googleapis.com/v1/projects/owely-c6c51/databases/(default) [none]
[debug] [2026-06-18T10:46:00.942Z] <<< [apiv2][status] GET https://firestore.googleapis.com/v1/projects/owely-c6c51/databases/(default) 200
[debug] [2026-06-18T10:46:00.942Z] <<< [apiv2][body] GET https://firestore.googleapis.com/v1/projects/owely-c6c51/databases/(default) {"name":"projects/owely-c6c51/databases/(default)","uid":"3c4b7f01-43a3-42b0-8921-f7a9f9610b22","createTime":"2026-06-16T10:36:17.617728Z","updateTime":"2026-06-16T10:36:17.617728Z","locationId":"nam5","type":"FIRESTORE_NATIVE","concurrencyMode":"PESSIMISTIC","versionRetentionPeriod":"3600s","earliestVersionTime":"2026-06-18T09:46:01.632946Z","appEngineIntegrationMode":"DISABLED","keyPrefix":"s","pointInTimeRecoveryEnablement":"POINT_IN_TIME_RECOVERY_DISABLED","deleteProtectionState":"DELETE_PROTECTION_DISABLED","databaseEdition":"STANDARD","freeTier":true,"realtimeUpdatesMode":"REALTIME_UPDATES_MODE_ENABLED","etag":"IN2i247OkJUDMPC6wO7Ii5UD"}
[info] i  firestore: reading indexes from firestore.indexes.json... 
[info] i  cloud.firestore: checking firestore.rules for compilation errors... 
[debug] [2026-06-18T10:46:00.943Z] Checked if tokens are valid: true, expires at: 1781783157907
[debug] [2026-06-18T10:46:00.943Z] Checked if tokens are valid: true, expires at: 1781783157907
[debug] [2026-06-18T10:46:00.943Z] >>> [apiv2][query] POST https://firebaserules.googleapis.com/v1/projects/owely-c6c51:test [none]
[debug] [2026-06-18T10:46:00.944Z] >>> [apiv2][body] POST https://firebaserules.googleapis.com/v1/projects/owely-c6c51:test [omitted]
[debug] [2026-06-18T10:46:02.709Z] <<< [apiv2][status] POST https://firebaserules.googleapis.com/v1/projects/owely-c6c51:test 200
[debug] [2026-06-18T10:46:02.709Z] <<< [apiv2][body] POST https://firebaserules.googleapis.com/v1/projects/owely-c6c51:test {}
[info] +  cloud.firestore: rules file firestore.rules compiled successfully 
[info] i  firestore: deploying indexes... 
[debug] [2026-06-18T10:46:02.710Z] Checked if tokens are valid: true, expires at: 1781783157907
[debug] [2026-06-18T10:46:02.711Z] Checked if tokens are valid: true, expires at: 1781783157907
[debug] [2026-06-18T10:46:02.711Z] >>> [apiv2][query] GET https://firestore.googleapis.com/v1/projects/owely-c6c51/databases/(default)/collectionGroups/-/indexes [none]
[debug] [2026-06-18T10:46:03.046Z] <<< [apiv2][status] GET https://firestore.googleapis.com/v1/projects/owely-c6c51/databases/(default)/collectionGroups/-/indexes 200
[debug] [2026-06-18T10:46:03.046Z] <<< [apiv2][body] GET https://firestore.googleapis.com/v1/projects/owely-c6c51/databases/(default)/collectionGroups/-/indexes {}
[debug] [2026-06-18T10:46:03.046Z] Checked if tokens are valid: true, expires at: 1781783157907
[debug] [2026-06-18T10:46:03.046Z] Checked if tokens are valid: true, expires at: 1781783157907
[debug] [2026-06-18T10:46:03.046Z] >>> [apiv2][query] GET https://firestore.googleapis.com/v1/projects/owely-c6c51/databases/(default)/collectionGroups/-/fields?filter=indexConfig.usesAncestorConfig=false OR ttlConfig:* [none]
[debug] [2026-06-18T10:46:03.398Z] <<< [apiv2][status] GET https://firestore.googleapis.com/v1/projects/owely-c6c51/databases/(default)/collectionGroups/-/fields?filter=indexConfig.usesAncestorConfig=false OR ttlConfig:* 200
[debug] [2026-06-18T10:46:03.398Z] <<< [apiv2][body] GET https://firestore.googleapis.com/v1/projects/owely-c6c51/databases/(default)/collectionGroups/-/fields?filter=indexConfig.usesAncestorConfig=false OR ttlConfig:* {"fields":[{"name":"projects/owely-c6c51/databases/(default)/collectionGroups/__default__/fields/*","indexConfig":{"indexes":[{"queryScope":"COLLECTION","fields":[{"fieldPath":"*","order":"ASCENDING"}],"state":"READY"},{"queryScope":"COLLECTION","fields":[{"fieldPath":"*","order":"DESCENDING"}],"state":"READY"},{"queryScope":"COLLECTION","fields":[{"fieldPath":"*","arrayConfig":"CONTAINS"}],"state":"READY"}]}}]}
[debug] [2026-06-18T10:46:03.398Z] Checked if tokens are valid: true, expires at: 1781783157907
[debug] [2026-06-18T10:46:03.398Z] Checked if tokens are valid: true, expires at: 1781783157907
[debug] [2026-06-18T10:46:03.398Z] >>> [apiv2][query] GET https://firestore.googleapis.com/v1/projects/owely-c6c51/databases/(default) [none]
[debug] [2026-06-18T10:46:03.696Z] <<< [apiv2][status] GET https://firestore.googleapis.com/v1/projects/owely-c6c51/databases/(default) 200
[debug] [2026-06-18T10:46:03.696Z] <<< [apiv2][body] GET https://firestore.googleapis.com/v1/projects/owely-c6c51/databases/(default) {"name":"projects/owely-c6c51/databases/(default)","uid":"3c4b7f01-43a3-42b0-8921-f7a9f9610b22","createTime":"2026-06-16T10:36:17.617728Z","updateTime":"2026-06-16T10:36:17.617728Z","locationId":"nam5","type":"FIRESTORE_NATIVE","concurrencyMode":"PESSIMISTIC","versionRetentionPeriod":"3600s","earliestVersionTime":"2026-06-18T09:46:04.395050Z","appEngineIntegrationMode":"DISABLED","keyPrefix":"s","pointInTimeRecoveryEnablement":"POINT_IN_TIME_RECOVERY_DISABLED","deleteProtectionState":"DELETE_PROTECTION_DISABLED","databaseEdition":"STANDARD","freeTier":true,"realtimeUpdatesMode":"REALTIME_UPDATES_MODE_ENABLED","etag":"INbug5DOkJUDMPC6wO7Ii5UD"}
[debug] [2026-06-18T10:46:03.696Z] Creating new index: {"collectionGroup":"invites","queryScope":"COLLECTION","fields":[{"fieldPath":"phone","order":"ASCENDING"},{"fieldPath":"status","order":"ASCENDING"},{"fieldPath":"createdAt","order":"DESCENDING"}]}
[debug] [2026-06-18T10:46:03.697Z] Checked if tokens are valid: true, expires at: 1781783157907
[debug] [2026-06-18T10:46:03.697Z] Checked if tokens are valid: true, expires at: 1781783157907
[debug] [2026-06-18T10:46:03.697Z] >>> [apiv2][query] POST https://firestore.googleapis.com/v1/projects/owely-c6c51/databases/(default)/collectionGroups/invites/indexes [none]
[debug] [2026-06-18T10:46:03.697Z] >>> [apiv2][body] POST https://firestore.googleapis.com/v1/projects/owely-c6c51/databases/(default)/collectionGroups/invites/indexes {"fields":[{"fieldPath":"phone","order":"ASCENDING"},{"fieldPath":"status","order":"ASCENDING"},{"fieldPath":"createdAt","order":"DESCENDING"}],"queryScope":"COLLECTION"}
[debug] [2026-06-18T10:46:04.341Z] <<< [apiv2][status] POST https://firestore.googleapis.com/v1/projects/owely-c6c51/databases/(default)/collectionGroups/invites/indexes 200
[debug] [2026-06-18T10:46:04.342Z] <<< [apiv2][body] POST https://firestore.googleapis.com/v1/projects/owely-c6c51/databases/(default)/collectionGroups/invites/indexes {"name":"projects/owely-c6c51/databases/(default)/operations/S0U0aFhqT2dBQ0lDDCoDIGMxODg0Yzc3YTY3Ni1kMWQ4LWJmNzQtZTllNC0wYjA1ZGNkOSQac2VuaWxlcGlwCQpBEg","metadata":{"@type":"type.googleapis.com/google.firestore.admin.v1.IndexOperationMetadata","startTime":"2026-06-18T10:46:04.879573Z","index":"projects/owely-c6c51/databases/(default)/collectionGroups/invites/indexes/CICAgOjXh4EK","state":"INITIALIZING"}}
[debug] [2026-06-18T10:46:04.342Z] Creating new index: {"collectionGroup":"invites","queryScope":"COLLECTION","fields":[{"fieldPath":"groupId","order":"ASCENDING"},{"fieldPath":"status","order":"ASCENDING"},{"fieldPath":"createdAt","order":"DESCENDING"}]}
[debug] [2026-06-18T10:46:04.342Z] Checked if tokens are valid: true, expires at: 1781783157907
[debug] [2026-06-18T10:46:04.342Z] Checked if tokens are valid: true, expires at: 1781783157907
[debug] [2026-06-18T10:46:04.342Z] >>> [apiv2][query] POST https://firestore.googleapis.com/v1/projects/owely-c6c51/databases/(default)/collectionGroups/invites/indexes [none]
[debug] [2026-06-18T10:46:04.342Z] >>> [apiv2][body] POST https://firestore.googleapis.com/v1/projects/owely-c6c51/databases/(default)/collectionGroups/invites/indexes {"fields":[{"fieldPath":"groupId","order":"ASCENDING"},{"fieldPath":"status","order":"ASCENDING"},{"fieldPath":"createdAt","order":"DESCENDING"}],"queryScope":"COLLECTION"}
[debug] [2026-06-18T10:46:04.855Z] <<< [apiv2][status] POST https://firestore.googleapis.com/v1/projects/owely-c6c51/databases/(default)/collectionGroups/invites/indexes 200
[debug] [2026-06-18T10:46:04.855Z] <<< [apiv2][body] POST https://firestore.googleapis.com/v1/projects/owely-c6c51/databases/(default)/collectionGroups/invites/indexes {"name":"projects/owely-c6c51/databases/(default)/operations/S01vcFVpSmdBQ0lDDCoDIDY0YjYxMzBhYWFkNy01OWZhLTk0ODQtNGUxOC03NTRjN2ZmYiQac2VuaWxlcGlwCQpBEg","metadata":{"@type":"type.googleapis.com/google.firestore.admin.v1.IndexOperationMetadata","startTime":"2026-06-18T10:46:05.465741Z","index":"projects/owely-c6c51/databases/(default)/collectionGroups/invites/indexes/CICAgJiUpoMK","state":"INITIALIZING"}}
[debug] [2026-06-18T10:46:04.855Z] Creating new index: {"collectionGroup":"invites","queryScope":"COLLECTION","fields":[{"fieldPath":"groupId","order":"ASCENDING"},{"fieldPath":"phone","order":"ASCENDING"},{"fieldPath":"status","order":"ASCENDING"}]}
[debug] [2026-06-18T10:46:04.855Z] Checked if tokens are valid: true, expires at: 1781783157907
[debug] [2026-06-18T10:46:04.855Z] Checked if tokens are valid: true, expires at: 1781783157907
[debug] [2026-06-18T10:46:04.855Z] >>> [apiv2][query] POST https://firestore.googleapis.com/v1/projects/owely-c6c51/databases/(default)/collectionGroups/invites/indexes [none]
[debug] [2026-06-18T10:46:04.855Z] >>> [apiv2][body] POST https://firestore.googleapis.com/v1/projects/owely-c6c51/databases/(default)/collectionGroups/invites/indexes {"fields":[{"fieldPath":"groupId","order":"ASCENDING"},{"fieldPath":"phone","order":"ASCENDING"},{"fieldPath":"status","order":"ASCENDING"}],"queryScope":"COLLECTION"}
[debug] [2026-06-18T10:46:05.356Z] <<< [apiv2][status] POST https://firestore.googleapis.com/v1/projects/owely-c6c51/databases/(default)/collectionGroups/invites/indexes 200
[debug] [2026-06-18T10:46:05.356Z] <<< [apiv2][body] POST https://firestore.googleapis.com/v1/projects/owely-c6c51/databases/(default)/collectionGroups/invites/indexes {"name":"projects/owely-c6c51/databases/(default)/operations/S0E0MW1pSmdBQ0lDDCoDIDEyNTNmMWIxOWFmNy0yNjRiLWUwYzQtMWY5Ny1hM2MyNzc3YSQac2VuaWxlcGlwCQpBEg","metadata":{"@type":"type.googleapis.com/google.firestore.admin.v1.IndexOperationMetadata","startTime":"2026-06-18T10:46:05.940011Z","index":"projects/owely-c6c51/databases/(default)/collectionGroups/invites/indexes/CICAgJim14AK","state":"INITIALIZING"}}
[debug] [2026-06-18T10:46:05.356Z] Creating new index: {"collectionGroup":"templates","queryScope":"COLLECTION","fields":[{"fieldPath":"ownerUid","order":"ASCENDING"},{"fieldPath":"groupId","order":"ASCENDING"}]}
[debug] [2026-06-18T10:46:05.356Z] Checked if tokens are valid: true, expires at: 1781783157907
[debug] [2026-06-18T10:46:05.356Z] Checked if tokens are valid: true, expires at: 1781783157907
[debug] [2026-06-18T10:46:05.357Z] >>> [apiv2][query] POST https://firestore.googleapis.com/v1/projects/owely-c6c51/databases/(default)/collectionGroups/templates/indexes [none]
[debug] [2026-06-18T10:46:05.357Z] >>> [apiv2][body] POST https://firestore.googleapis.com/v1/projects/owely-c6c51/databases/(default)/collectionGroups/templates/indexes {"fields":[{"fieldPath":"ownerUid","order":"ASCENDING"},{"fieldPath":"groupId","order":"ASCENDING"}],"queryScope":"COLLECTION"}
[debug] [2026-06-18T10:46:05.813Z] <<< [apiv2][status] POST https://firestore.googleapis.com/v1/projects/owely-c6c51/databases/(default)/collectionGroups/templates/indexes 200
[debug] [2026-06-18T10:46:05.813Z] <<< [apiv2][body] POST https://firestore.googleapis.com/v1/projects/owely-c6c51/databases/(default)/collectionGroups/templates/indexes {"name":"projects/owely-c6c51/databases/(default)/operations/S0lvOUZqSmdBQ0lDDCoDIDNjY2ExNTZmNGExYi1iOGE4LTk4ODQtOTczMi1iOTRlNTc5YSQac2VuaWxlcGlwCQpBEg","metadata":{"@type":"type.googleapis.com/google.firestore.admin.v1.IndexOperationMetadata","startTime":"2026-06-18T10:46:06.444540Z","index":"projects/owely-c6c51/databases/(default)/collectionGroups/templates/indexes/CICAgJjF9oIK","state":"INITIALIZING"}}
[debug] [2026-06-18T10:46:05.813Z] Creating new index: {"collectionGroup":"recurring","queryScope":"COLLECTION","fields":[{"fieldPath":"ownerUid","order":"ASCENDING"},{"fieldPath":"active","order":"ASCENDING"},{"fieldPath":"createdAt","order":"DESCENDING"}]}
[debug] [2026-06-18T10:46:05.813Z] Checked if tokens are valid: true, expires at: 1781783157907
[debug] [2026-06-18T10:46:05.813Z] Checked if tokens are valid: true, expires at: 1781783157907
[debug] [2026-06-18T10:46:05.813Z] >>> [apiv2][query] POST https://firestore.googleapis.com/v1/projects/owely-c6c51/databases/(default)/collectionGroups/recurring/indexes [none]
[debug] [2026-06-18T10:46:05.813Z] >>> [apiv2][body] POST https://firestore.googleapis.com/v1/projects/owely-c6c51/databases/(default)/collectionGroups/recurring/indexes {"fields":[{"fieldPath":"ownerUid","order":"ASCENDING"},{"fieldPath":"active","order":"ASCENDING"},{"fieldPath":"createdAt","order":"DESCENDING"}],"queryScope":"COLLECTION"}
[debug] [2026-06-18T10:46:06.276Z] <<< [apiv2][status] POST https://firestore.googleapis.com/v1/projects/owely-c6c51/databases/(default)/collectionGroups/recurring/indexes 200
[debug] [2026-06-18T10:46:06.277Z] <<< [apiv2][body] POST https://firestore.googleapis.com/v1/projects/owely-c6c51/databases/(default)/collectionGroups/recurring/indexes {"name":"projects/owely-c6c51/databases/(default)/operations/S0U0ejdqSmdBQ0lDDCoDIDBlOTcyYmM5OGYwNS1hNzZiLWVmNzQtODcxMS02YzBmMmU0NSQac2VuaWxlcGlwCQpBEg","metadata":{"@type":"type.googleapis.com/google.firestore.admin.v1.IndexOperationMetadata","startTime":"2026-06-18T10:46:06.891049Z","index":"projects/owely-c6c51/databases/(default)/collectionGroups/recurring/indexes/CICAgJj7z4EK","state":"INITIALIZING"}}
[info] +  firestore: deployed indexes in firestore.indexes.json successfully for (default) database 
[info] 
[info] +  Deploy complete! 
[info] 
[info] Project Console: https://console.firebase.google.com/project/owely-c6c51/overview
[debug] [2026-06-18T10:46:11.495Z] Error: Timed out.
    at Timeout._onTimeout (C:\Users\mehul\AppData\Roaming\npm\node_modules\firebase-tools\lib\utils.js:309:49)
    at listOnTimeout (node:internal/timers:605:17)
    at process.processTimers (node:internal/timers:541:7)
[error] 
[error] Error: An unexpected error has occurred.
